apiVersion: v1
kind: Namespace
metadata:
  annotations:
    openshift.io/node-selector: node-role.kubernetes.io/worker=
  labels:
    name: example-namespace
  name: example-namespace
