apiVersion: v1
data: {}
kind: Secret
metadata:
  annotations: {}
  labels:
    name: my_share-credentials
  name: my_share-credentials
  namespace: my-test-app
stringData:
  password: t-silent-test-1234/c-green-test-1234/smb-my-test-app/password
  username: t-silent-test-1234/c-green-test-1234/smb-my-test-app/username
type: Opaque
---
apiVersion: v1
data: {}
kind: Secret
metadata:
  annotations: {}
  labels:
    name: overwrite-credentials
  name: overwrite-credentials
  namespace: my-test-app
stringData:
  password: t-silent-test-1234/c-green-test-1234/smb-my-test-app/password
  username: t-silent-test-1234/c-green-test-1234/smb-my-test-app/username
type: Opaque
