apiVersion: rbac.authorization.k8s.io/v1
kind: RoleBinding
metadata:
  annotations: {}
  labels:
    name: privileged
  name: privileged
  namespace: example-namespace
roleRef:
  apiGroup: rbac.authorization.k8s.io
  kind: ClusterRole
  name: system:openshift:scc:privileged
subjects:
  - kind: ServiceAccount
    name: controller
    namespace: example-namespace
  - kind: ServiceAccount
    name: node
    namespace: example-namespace
