apiVersion: v1
kind: ServiceAccount
metadata:
  annotations: {}
  labels:
    name: csi-smb-controller-sa
  name: csi-smb-controller-sa
  namespace: example-namespace
