apiVersion: rbac.authorization.k8s.io/v1
kind: ClusterRole
metadata:
  labels:
    app.kubernetes.io/instance: csi-driver-smb
    app.kubernetes.io/managed-by: Helm
    app.kubernetes.io/name: csi-driver-smb
    app.kubernetes.io/version: v1.5.0
    helm.sh/chart: csi-driver-smb-v1.5.0
  name: smb-external-provisioner-role
rules:
  - apiGroups:
      - ''
    resources:
      - persistentvolumes
    verbs:
      - get
      - list
      - watch
      - create
      - delete
  - apiGroups:
      - ''
    resources:
      - persistentvolumeclaims
    verbs:
      - get
      - list
      - watch
      - update
  - apiGroups:
      - storage.k8s.io
    resources:
      - storageclasses
    verbs:
      - get
      - list
      - watch
  - apiGroups:
      - ''
    resources:
      - events
    verbs:
      - get
      - list
      - watch
      - create
      - update
      - patch
  - apiGroups:
      - storage.k8s.io
    resources:
      - csinodes
    verbs:
      - get
      - list
      - watch
  - apiGroups:
      - ''
    resources:
      - nodes
    verbs:
      - get
      - list
      - watch
  - apiGroups:
      - coordination.k8s.io
    resources:
      - leases
    verbs:
      - get
      - list
      - watch
      - create
      - update
      - patch
  - apiGroups:
      - ''
    resources:
      - secrets
    verbs:
      - get
---
apiVersion: rbac.authorization.k8s.io/v1
kind: ClusterRoleBinding
metadata:
  labels:
    app.kubernetes.io/instance: csi-driver-smb
    app.kubernetes.io/managed-by: Helm
    app.kubernetes.io/name: csi-driver-smb
    app.kubernetes.io/version: v1.5.0
    helm.sh/chart: csi-driver-smb-v1.5.0
  name: smb-csi-provisioner-binding
roleRef:
  apiGroup: rbac.authorization.k8s.io
  kind: ClusterRole
  name: smb-external-provisioner-role
subjects:
  - kind: ServiceAccount
    name: csi-smb-controller-sa
    namespace: example-namespace
